1/88 fixed_n0_0: PASS
2/88 fixed_n1_1: PASS
3/88 fixed_n2_2: PASS
4/88 fixed_n3_3: PASS
5/88 fixed_n4_4: PASS
6/88 fixed_n4_4_reflect: PASS
7/88 fixed_n7_5: PASS
8/88 fixed_n7_5_reflect: PASS
9/88 fixed_n7_6: PASS
10/88 fixed_n7_6_reflect: PASS
11/88 blocks_low_n16_1: PASS
12/88 blocks_low_n16_1_reflect: PASS
13/88 blocks_low_n16_2: PASS
14/88 blocks_medium_n16_1: PASS
15/88 blocks_medium_n16_1_reflect: PASS
16/88 blocks_medium_n16_2: DUPLICATE
17/88 flat_valid_n16_0: PASS
18/88 incremental_valid_n16_1: PASS
19/88 incremental_valid_n16_1_reflect: PASS
20/88 incremental_valid_n16_2: PASS
21/88 nested_valid_n16_0: PASS
22/88 blocks_low_n17_1: PASS
23/88 blocks_low_n17_1_reflect: PASS
24/88 blocks_low_n17_2: DUPLICATE
25/88 blocks_medium_n17_1: PASS
26/88 blocks_medium_n17_1_reflect: PASS
27/88 blocks_medium_n17_2: DUPLICATE
28/88 flat_valid_n17_0: PASS
29/88 incremental_valid_n17_1: PASS
30/88 incremental_valid_n17_1_reflect: PASS
31/88 incremental_valid_n17_2: PASS
32/88 nested_valid_n17_0: PASS
33/88 blocks_low_n32_1: PASS
34/88 blocks_low_n32_1_reflect: PASS
35/88 blocks_low_n32_2: PASS
36/88 blocks_medium_n32_1: PASS
37/88 blocks_medium_n32_1_reflect: PASS
38/88 blocks_medium_n32_2: PASS
39/88 flat_valid_n32_0: PASS
40/88 incremental_valid_n32_1: PASS
41/88 incremental_valid_n32_1_reflect: PASS
42/88 incremental_valid_n32_2: PASS
43/88 nested_valid_n32_0: PASS
44/88 blocks_low_n33_1: PASS
45/88 blocks_low_n33_1_reflect: PASS
46/88 blocks_low_n33_2: PASS
47/88 blocks_medium_n33_1: PASS
48/88 blocks_medium_n33_1_reflect: PASS
49/88 blocks_medium_n33_2: PASS
50/88 flat_valid_n33_0: PASS
51/88 incremental_valid_n33_1: PASS
52/88 incremental_valid_n33_1_reflect: PASS
53/88 incremental_valid_n33_2: PASS
54/88 nested_valid_n33_0: PASS
55/88 blocks_low_n64_1: PASS
56/88 blocks_low_n64_1_reflect: PASS
57/88 blocks_low_n64_2: PASS
58/88 blocks_medium_n64_1: PASS
59/88 blocks_medium_n64_1_reflect: PASS
60/88 blocks_medium_n64_2: PASS
61/88 flat_valid_n64_0: PASS
62/88 incremental_valid_n64_1: PASS
63/88 incremental_valid_n64_1_reflect: PASS
64/88 incremental_valid_n64_2: PASS
65/88 nested_valid_n64_0: PASS
66/88 blocks_low_n65_1: PASS
67/88 blocks_low_n65_1_reflect: PASS
68/88 blocks_low_n65_2: PASS
69/88 blocks_medium_n65_1: PASS
70/88 blocks_medium_n65_1_reflect: PASS
71/88 blocks_medium_n65_2: PASS
72/88 flat_valid_n65_0: PASS
73/88 incremental_valid_n65_1: PASS
74/88 incremental_valid_n65_1_reflect: PASS
75/88 incremental_valid_n65_2: PASS
76/88 nested_valid_n65_0: PASS
77/88 blocks_low_n128_1: PASS
78/88 blocks_medium_n128_1: PASS
79/88 flat_valid_n128_1: PASS
80/88 blocks_low_n129_1: PASS
81/88 blocks_medium_n129_1: PASS
82/88 flat_valid_n129_1: PASS
83/88 blocks_low_n512_1: PASS
84/88 blocks_medium_n512_1: PASS
85/88 flat_valid_n512_1: PASS
86/88 blocks_low_n513_1: PASS
87/88 blocks_medium_n513_1: PASS
88/88 flat_valid_n513_1: PASS
